// Jest Snapshot v1, https://goo.gl/fbAQLP

exports[`renders details correctly 1`] = `
<RCTScrollView
  style={
    Object {
      "flex": 1,
      "flexDirection": "column",
      "padding": 16,
    }
  }
>
  <View>
    <RCTSafeAreaView
      emulateUnlessSupported={true}
    >
      <View
        style={
          Object {
            "flex": 1,
            "flexDirection": "row",
            "justifyContent": "space-between",
            "paddingBottom": 30,
            "width": "100%",
          }
        }
      >
        <Text
          style={
            Object {
              "fontSize": 27,
              "fontWeight": "bold",
              "maxWidth": "80%",
              "paddingRight": 20,
            }
          }
        >
          Test
        </Text>
        <Image
          source={
            Object {
              "uri": "http://example.com",
            }
          }
          style={
            Object {
              "height": 70,
              "width": 70,
            }
          }
        />
      </View>
      <Text
        style={
          Object {
            "fontSize": 15,
          }
        }
      >
        POSITION
      </Text>
      <Text
        style={
          Object {
            "fontSize": 22,
            "paddingBottom": 20,
          }
        }
      >
        1
      </Text>
      <View
        style={
          Object {
            "backgroundColor": "#ddd",
            "height": 1,
            "marginBottom": 25,
            "width": "100%",
          }
        }
      />
      <Text
        style={
          Object {
            "fontSize": 15,
          }
        }
      >
        ARTIST
      </Text>
      <Text
        style={
          Object {
            "fontSize": 22,
            "paddingBottom": 20,
          }
        }
      >
        Test
      </Text>
      <View
        style={
          Object {
            "backgroundColor": "#ddd",
            "height": 1,
            "marginBottom": 25,
            "width": "100%",
          }
        }
      />
      <Text
        style={
          Object {
            "fontSize": 15,
          }
        }
      >
        GENRE
      </Text>
      <Text
        style={
          Object {
            "fontSize": 22,
            "paddingBottom": 20,
          }
        }
      >
        TestMusic
      </Text>
      <View
        style={
          Object {
            "backgroundColor": "#ddd",
            "height": 1,
            "marginBottom": 25,
            "width": "100%",
          }
        }
      />
      <Text
        style={
          Object {
            "fontSize": 15,
          }
        }
      >
        RELEASE DATE
      </Text>
      <Text
        style={
          Object {
            "fontSize": 22,
            "paddingBottom": 20,
          }
        }
      >
        Test
      </Text>
      <View
        style={
          Object {
            "flexDirection": "row",
          }
        }
      >
        <Text
          allowFontScaling={false}
          onPress={[Function]}
          style={
            Array [
              Object {
                "color": undefined,
                "fontSize": 40,
              },
              undefined,
              Object {
                "fontFamily": "anticon",
                "fontStyle": "normal",
                "fontWeight": "normal",
              },
              Object {},
            ]
          }
        >
          
        </Text>
        <Text
          allowFontScaling={false}
          onPress={[Function]}
          style={
            Array [
              Object {
                "color": undefined,
                "fontSize": 40,
              },
              undefined,
              Object {
                "fontFamily": "anticon",
                "fontStyle": "normal",
                "fontWeight": "normal",
              },
              Object {},
            ]
          }
        >
          
        </Text>
        <Text
          allowFontScaling={false}
          onPress={[Function]}
          style={
            Array [
              Object {
                "color": undefined,
                "fontSize": 40,
              },
              undefined,
              Object {
                "fontFamily": "anticon",
                "fontStyle": "normal",
                "fontWeight": "normal",
              },
              Object {},
            ]
          }
        >
          
        </Text>
        <Text
          allowFontScaling={false}
          onPress={[Function]}
          style={
            Array [
              Object {
                "color": undefined,
                "fontSize": 40,
              },
              undefined,
              Object {
                "fontFamily": "anticon",
                "fontStyle": "normal",
                "fontWeight": "normal",
              },
              Object {},
            ]
          }
        >
          
        </Text>
        <Text
          allowFontScaling={false}
          onPress={[Function]}
          style={
            Array [
              Object {
                "color": undefined,
                "fontSize": 40,
              },
              undefined,
              Object {
                "fontFamily": "anticon",
                "fontStyle": "normal",
                "fontWeight": "normal",
              },
              Object {},
            ]
          }
        >
          
        </Text>
      </View>
      <View
        accessible={true}
        focusable={true}
        onBlur={[Function]}
        onClick={[Function]}
        onFocus={[Function]}
        onResponderGrant={[Function]}
        onResponderMove={[Function]}
        onResponderRelease={[Function]}
        onResponderTerminate={[Function]}
        onResponderTerminationRequest={[Function]}
        onStartShouldSetResponder={[Function]}
        style={
          Object {
            "alignItems": "center",
            "backgroundColor": "#000",
            "borderRadius": 20,
            "marginTop": 40,
            "padding": 20,
          }
        }
      >
        <View
          style={
            Object {
              "flex": 1,
              "flexDirection": "row",
            }
          }
        >
          <Text
            allowFontScaling={false}
            style={
              Array [
                Object {
                  "color": "#FFF",
                  "fontSize": 20,
                },
                Object {
                  "marginRight": 5,
                  "top": 1,
                },
                Object {
                  "fontFamily": "anticon",
                  "fontStyle": "normal",
                  "fontWeight": "normal",
                },
                Object {},
              ]
            }
          >
            
          </Text>
          <Text
            style={
              Object {
                "color": "white",
                "fontSize": 20,
                "fontWeight": "bold",
              }
            }
          >
            MUSIC
          </Text>
        </View>
      </View>
    </RCTSafeAreaView>
  </View>
</RCTScrollView>
`;

exports[`renders top albums correctly 1`] = `
<RCTScrollView
  ListHeaderComponent={[Function]}
  data={Array []}
  disableVirtualization={false}
  getItem={[Function]}
  getItemCount={[Function]}
  horizontal={false}
  initialNumToRender={10}
  keyExtractor={[Function]}
  maxToRenderPerBatch={10}
  onContentSizeChange={[Function]}
  onEndReachedThreshold={2}
  onLayout={[Function]}
  onMomentumScrollEnd={[Function]}
  onScroll={[Function]}
  onScrollBeginDrag={[Function]}
  onScrollEndDrag={[Function]}
  removeClippedSubviews={false}
  renderItem={[Function]}
  scrollEventThrottle={50}
  stickyHeaderIndices={Array []}
  updateCellsBatchingPeriod={50}
  viewabilityConfigCallbackPairs={Array []}
  windowSize={21}
>
  <View>
    <View
      onLayout={[Function]}
    >
      <View
        style={
          Object {
            "alignItems": "center",
            "backgroundColor": "#fff",
            "justifyContent": "center",
            "padding": 10,
          }
        }
      >
        <TextInput
          allowFontScaling={true}
          autoCapitalize="none"
          onChangeText={[Function]}
          placeholder="Search"
          rejectResponderTermination={true}
          style={
            Object {
              "borderColor": "#ddd",
              "borderRadius": 10,
              "borderWidth": 1,
              "fontSize": 20,
              "height": 40,
              "paddingLeft": 10,
              "width": "100%",
            }
          }
          underlineColorAndroid="transparent"
        />
      </View>
    </View>
  </View>
</RCTScrollView>
`;
